// Jest Snapshot v1, https://goo.gl/fbAQLP

exports[`Socials Component renders correctly and matches snapshot 1`] = `
<DocumentFragment>
  <div
    class="container"
  >
    <h2
      class="title"
    >
      Follow Me
    </h2>
    <ul
      class="socials_list"
    >
      <a
        class="item"
        href="https://github.com/Kateryna-Borysenko"
        rel="noopener noreferrer"
        target="_blank"
      >
        <svg
          width="44px"
        >
          github.svg
        </svg>
        <div
          class="name"
        >
          GIT HUB
        </div>
      </a>
      <a
        class="item"
        href="https://www.linkedin.com/in/kateryna-borysenko/"
        rel="noopener noreferrer"
        target="_blank"
      >
        <svg
          width="44px"
        >
          linkedin.svg
        </svg>
        <div
          class="name"
        >
          LINKED IN
        </div>
      </a>
      <a
        class="item"
        href="https://www.instagram.com/k___borysenko/"
        rel="noopener noreferrer"
        target="_blank"
      >
        <svg
          width="44px"
        >
          instagram.svg
        </svg>
        <div
          class="name"
        >
          INSTAGRAM
        </div>
      </a>
      <a
        class="item"
        href="https://www.facebook.com/profile.php?id=100089711004988"
        rel="noopener noreferrer"
        target="_blank"
      >
        <svg
          width="44px"
        >
          facebook.svg
        </svg>
        <div
          class="name"
        >
          FACEBOOK
        </div>
      </a>
    </ul>
  </div>
</DocumentFragment>
`;
